// Jest Snapshot v1, https://goo.gl/fbAQLP

exports[`renders 1`] = `
<DocumentFragment>
  <span
    class="sc-bdvvtL iEtpPF"
  >
    Test text
  </span>
</DocumentFragment>
`;
