// Jest Snapshot v1, https://goo.gl/fbAQLP

exports[`renders 1`] = `
<DocumentFragment>
  <li
    class="sc-bdvvtL cPxLbc"
  >
    Test text
  </li>
</DocumentFragment>
`;
