// Jest Snapshot v1, https://goo.gl/fbAQLP

exports[`renders 1`] = `
<DocumentFragment>
  <button
    class="sc-bdvvtL lcNcVF"
  >
     Delete 
  </button>
</DocumentFragment>
`;
