// Jest Snapshot v1, https://goo.gl/fbAQLP

exports[`renders 1`] = `
<DocumentFragment>
  <div
    class="sc-eCImPb gayBGf"
  >
    <ul>
      <li
        class="sc-jRQBWg kEHRpN"
      >
        <span
          class="sc-gKclnd CJqjG"
        >
          test text
        </span>
      </li>
    </ul>
  </div>
</DocumentFragment>
`;
